[palmeirasstoreoficial.vercel.app/index.html]
[backblue.gif]
[fade.gif]
[index.html]
[palmeirasstoreoficial.vercel.app/css/all.min.css]
[connect.facebook.net/en_US/fbevents.js]
[cdn.utmify.com.br/scripts/utms/latest.js]
[palmeirasstoreoficial.vercel.app/images/instagram-logo-instagram-icon-transparent-free-png.png]
[palmeirasstoreoficial.vercel.app/images/logo.png]
[palmeirasstoreoficial.vercel.app/images/4456129.jpg]
[palmeirasstoreoficial.vercel.app/images/destaque1.jpg]
[palmeirasstoreoficial.vercel.app/images/destaque2.jpg]
[palmeirasstoreoficial.vercel.app/images/destaque3.jpg]
[palmeirasstoreoficial.vercel.app/images/destaque4.jpg]
[palmeirasstoreoficial.vercel.app/images/destaque5.jpg]
[palmeirasstoreoficial.vercel.app/images/IMG-7309.jpg]
[palmeirasstoreoficial.vercel.app/images/IMG-7305.jpg]
[palmeirasstoreoficial.vercel.app/images/IMG-7306.jpg]
[palmeirasstoreoficial.vercel.app/images/post1.png]
[palmeirasstoreoficial.vercel.app/images/post2.png]
[palmeirasstoreoficial.vercel.app/images/post3.png]
[palmeirasstoreoficial.vercel.app/images/post4.png]
[palmeirasstoreoficial.vercel.app/images/post5.png]
[palmeirasstoreoficial.vercel.app/images/post6.png]
[palmeirasstoreoficial.vercel.app/images/post7.png]
[palmeirasstoreoficial.vercel.app/images/post8.png]
[palmeirasstoreoficial.vercel.app/images/post9.png]
[palmeirasstoreoficial.vercel.app/images/IMG-7308-2.jpg]
[palmeirasstoreoficial.vercel.app/images/IMG-7307.jpg]
[palmeirasstoreoficial.vercel.app/story.19.delayed]
[palmeirasstoreoficial.vercel.app/index.html]
[palmeirasstoreoficial.vercel.app/fonts/fa-brands-400.eot]
[palmeirasstoreoficial.vercel.app/fonts/fa-brands-400.woff2]
[palmeirasstoreoficial.vercel.app/fonts/fa-brands-400.woff]
[palmeirasstoreoficial.vercel.app/fonts/fa-brands-400.ttf]
[palmeirasstoreoficial.vercel.app/images/fa-brands-400.svg]
[palmeirasstoreoficial.vercel.app/fonts/fa-regular-400.eot]
[palmeirasstoreoficial.vercel.app/fonts/fa-regular-400.woff2]
[palmeirasstoreoficial.vercel.app/fonts/fa-regular-400.woff]
[palmeirasstoreoficial.vercel.app/fonts/fa-regular-400.ttf]
[palmeirasstoreoficial.vercel.app/images/fa-regular-400.svg]
[palmeirasstoreoficial.vercel.app/fonts/fa-solid-900.eot]
[palmeirasstoreoficial.vercel.app/fonts/fa-solid-900.woff2]
[palmeirasstoreoficial.vercel.app/fonts/fa-solid-900.woff]
[palmeirasstoreoficial.vercel.app/fonts/fa-solid-900.ttf]
[palmeirasstoreoficial.vercel.app/css/all.min.css]
[palmeirasstoreoficial.vercel.app/images/fa-solid-900.svg]
[palmeirasstoreoficial.vercel.app/a.29.delayed]
[palmeirasstoreoficial.vercel.app/POST.2a.delayed]
[palmeirasstoreoficial.vercel.app/schema.org/index.html]
[palmeirasstoreoficial.vercel.app/b.2b.delayed]
[palmeirasstoreoficial.vercel.app/d.2c.delayed]
[palmeirasstoreoficial.vercel.app/signals/iwl.2d.delayed]
[palmeirasstoreoficial.vercel.app/c.2e.delayed]
[palmeirasstoreoficial.vercel.app/c.2f.delayed]
[connect.facebook.net/en_US/fbevents.js]
[palmeirasstoreoficial.vercel.app/story.html]
[palmeirasstoreoficial.vercel.app/images/fa-brands-400.svg]
[palmeirasstoreoficial.vercel.app/images/fa-regular-400.svg]
[palmeirasstoreoficial.vercel.app/images/fa-solid-900.svg]
[palmeirasstoreoficial.vercel.app/a.html]
[palmeirasstoreoficial.vercel.app/POST.html]
[palmeirasstoreoficial.vercel.app/schema.org/index.html]
[palmeirasstoreoficial.vercel.app/b.html]
[palmeirasstoreoficial.vercel.app/d.html]
[palmeirasstoreoficial.vercel.app/signals/iwl.html]
[palmeirasstoreoficial.vercel.app/c.html]
[palmeirasstoreoficial.vercel.app/c-2.html]
